[evoocapital.com/index.html]
[backblue.gif]
[fade.gif]
[index.html]
[evoocapital.com/wp-content/themes/evoo/dist/css/style.css]
[evoocapital.com/wp-content/themes/evoo/dist/img/favicon/apple-touch-icon.png]
[evoocapital.com/wp-content/themes/evoo/dist/img/favicon/favicon-32x32.png]
[evoocapital.com/wp-content/themes/evoo/dist/img/favicon/favicon-16x16.png]
[evoocapital.com/wp-includes/css/dist/block-library/style.min37ad.css]
[evoocapital.com/wp-content/plugins/contact-form-7/includes/css/styles5406.css]
[evoocapital.com/wp-content/uploads/pum/pum-site-styles42ea.css]
[evoocapital.com/wp-content/plugins/jquery-validation-for-contact-form-7/includes/assets/css/jvcf7_client5fba.css]
[evoocapital.com/wp-includes/js/jquery/jquery.minaf6c.js]
[evoocapital.com/wp-includes/js/jquery/jquery-migrate.mind617.js]
[evoocapital.com/wp-json/wp/v2/pages/8.json]
[evoocapital.com/wp-json/index.html]
[evoocapital.com/wp-includes/wlwmanifest.xml]
[evoocapital.com/wp-json/oembed/1.0/embed33c4.json]
[evoocapital.com/wp-json/oembed/1.0/embed4bc5]
[evoocapital.com/wp-content/uploads/2021/10/icon_blockchain_black_2.png]
[evoocapital.com/strategy-approach/index.html]
[evoocapital.com/about-us/index.html]
[evoocapital.com/blog/index.html]
[evoocapital.com/wp-content/uploads/2021/03/icon_cloud_black.png]
[evoocapital.com/contact/index.html]
[evoocapital.com/wp-content/uploads/2021/03/icon_digitalassets_black.png]
[evoocapital.com/investments/blockchain/index.html]
[evoocapital.com/investments/cloud-computing/index.html]
[evoocapital.com/investments/digital-assets/index.html]
[evoocapital.com/wp-content/themes/evoo/lottie/slash.json]
[evoocapital.com/wp-content/themes/evoo/lottie/big_arrow.json]
[evoocapital.com/wp-content/uploads/2021/03/home_sec3_img-1.jpg]
[evoocapital.com/wp-content/uploads/2021/03/home_sec3_img-2.jpg]
[evoocapital.com/wp-content/uploads/2021/03/home_sec3_img-3.jpg]
[evoocapital.com/wp-content/uploads/2021/03/home_sec3_img-4.jpg]
[evoocapital.com/wp-content/uploads/2021/03/home_sec3_img-5.jpg]
[evoocapital.com/wp-content/uploads/2021/03/home_sec3_img-6.jpg]
[evoocapital.com/wp-content/uploads/2021/03/home_sec3_img-7.jpg]
[evoocapital.com/wp-content/uploads/2021/03/home_sec3_img-8.jpg]
[evoocapital.com/wp-content/uploads/2021/10/icon-blockchain_2.png]
[evoocapital.com/wp-content/uploads/2021/03/icon-cloud.png]
[evoocapital.com/wp-content/uploads/2021/03/icon-digitalassets.png]
[evoocapital.com/wp-content/themes/evoo/dist/img/lian-logo_white.png]
[polyfill.io/v3/polyfill.minc677.js]
[evoocapital.com/wp-content/themes/evoo/dist/js/vendors.js]
[evoocapital.com/legal/index.html]
[evoocapital.com/privacy-policy/index.html]
[evoocapital.com/wp-content/themes/evoo/dist/js/app.js]
[unpkg.com/@lottiefiles/lottie-player@latest/dist/lottie-player.27.delayed]
[unpkg.com/@lottiefiles/lottie-player@1.5.7/dist/lottie-player.js]
[evoocapital.com/wp-content/uploads/2021/07/evoo-triangle.jpg]
[connect.livechatinc.com/api/v1/script/b5bb35be-73f3-425f-940c-bfb1de997a79/widget90b8.js]
[evoocapital.com/wp-includes/js/dist/vendor/regenerator-runtime.min3937.js]
[evoocapital.com/wp-includes/js/dist/vendor/wp-polyfill.min2c7c.js]
[evoocapital.com/wp-content/plugins/contact-form-7/includes/js/index5406.js]
[evoocapital.com/wp-includes/js/jquery/ui/core.min0028.js]
[evoocapital.com/wp-content/uploads/pum/pum-site-scripts952f.js]
[evoocapital.com/wp-content/plugins/jquery-validation-for-contact-form-7/includes/assets/js/jquery.validate.min5fba.js]
[evoocapital.com/wp-content/plugins/jquery-validation-for-contact-form-7/includes/assets/js/jvcf7_validation5fba.js]
[www.google.com/recaptcha/apie429.js]
[evoocapital.com/wp-content/plugins/contact-form-7/modules/recaptcha/index5406.js]
[evoocapital.com/wp-content/plugins/mailchimp-for-wp/assets/js/forms6c42.js]
[evoocapital.com/index.html]
[evoocapital.com/wp-content/themes/evoo/dist/fonts/AvenirLTStd-Heavy.eot]
[evoocapital.com/wp-content/themes/evoo/dist/fonts/AvenirLTStd-Heavyd41d.eot]
[evoocapital.com/wp-content/themes/evoo/dist/fonts/AvenirLTStd-Heavy.woff2]
[evoocapital.com/wp-content/themes/evoo/dist/fonts/AvenirLTStd-Heavy.woff]
[evoocapital.com/wp-content/themes/evoo/dist/fonts/AvenirLTStd-Heavy.ttf]
[evoocapital.com/wp-content/themes/evoo/dist/fonts/AvenirLTStd-Roman.eot]
[evoocapital.com/wp-content/themes/evoo/dist/fonts/AvenirLTStd-Romand41d.eot]
[evoocapital.com/wp-content/themes/evoo/dist/fonts/AvenirLTStd-Roman.woff2]
[evoocapital.com/wp-content/themes/evoo/dist/fonts/AvenirLTStd-Roman.woff]
[evoocapital.com/wp-content/themes/evoo/dist/fonts/AvenirLTStd-Roman.ttf]
[evoocapital.com/wp-content/themes/evoo/dist/fonts/AvenirLTStd-Light.eot]
[evoocapital.com/wp-content/themes/evoo/dist/fonts/AvenirLTStd-Lightd41d.eot]
[evoocapital.com/wp-content/themes/evoo/dist/fonts/AvenirLTStd-Light.woff2]
[evoocapital.com/wp-content/themes/evoo/dist/fonts/AvenirLTStd-Light.woff]
[evoocapital.com/wp-content/themes/evoo/dist/fonts/AvenirLTStd-Light.ttf]
[evoocapital.com/wp-content/themes/evoo/dist/fonts/AvenirLTStd-Medium.eot]
[evoocapital.com/wp-content/themes/evoo/dist/fonts/AvenirLTStd-Mediumd41d.eot]
[evoocapital.com/wp-content/themes/evoo/dist/fonts/AvenirLTStd-Medium.woff2]
[evoocapital.com/wp-content/themes/evoo/dist/fonts/AvenirLTStd-Medium.woff]
[evoocapital.com/wp-content/themes/evoo/dist/fonts/AvenirLTStd-Medium.ttf]
[evoocapital.com/wp-content/themes/evoo/dist/css/style.css]
[evoocapital.com/wp-content/themes/evoo/dist/img/favicon/site.html]
[evoocapital.com/wp-content/themes/evoo/dist/img/favicon/safari-pinned-tab.svg]
[evoocapital.com/wp-includes/css/dist/block-library/style.min37ad.css]
[evoocapital.com/wp-content/plugins/contact-form-7/includes/css/styles5406.css]
[evoocapital.com/wp-content/uploads/pum/pum-site-styles42ea.css]
[evoocapital.com/wp-content/plugins/jquery-validation-for-contact-form-7/includes/assets/css/jvcf7_client5fba.css]
[evoocapital.com/xmlrpc0db0.html]
[evoocapital.com/wp-admin/admin-ajax.html]
[evoocapital.com/wp-json/wp/v2/pages/39.json]
[evoocapital.com/wp-json/oembed/1.0/embed764b.json]
[evoocapital.com/wp-json/oembed/1.0/embed1441]
[evoocapital.com/wp-content/uploads/2021/03/stategy_header-scaled.jpg]
[evoocapital.com/wp-content/uploads/2021/03/strategy_sec3.png]
[evoocapital.com/strategy-approach/index.html]
[evoocapital.com/wp-json/wp/v2/pages/41.json]
[evoocapital.com/wp-json/oembed/1.0/embede446.json]
[evoocapital.com/wp-json/oembed/1.0/embed0b2f]
[evoocapital.com/wp-content/uploads/2021/03/about_header-scaled.jpg]
[evoocapital.com/wp-content/uploads/2021/03/about_bureau-scaled.jpg]
[evoocapital.com/wp-content/uploads/2021/03/about_team1.jpg]
[evoocapital.com/wp-content/uploads/2021/03/about_team2.jpg]
[evoocapital.com/wp-content/uploads/2021/03/about_team4.jpg]
[evoocapital.com/wp-content/uploads/2021/03/about_team5.jpg]
[evoocapital.com/wp-content/uploads/2021/04/about_team7_v2.jpg]
[evoocapital.com/wp-content/uploads/2021/11/DW_Photo.jpg]
[evoocapital.com/wp-content/uploads/2021/11/Javier-Olias-Sanchez.jpg]
[evoocapital.com/about-us/index.html]
[evoocapital.com/wp-json/wp/v2/pages/394.json]
[evoocapital.com/wp-json/oembed/1.0/embed1ab3.json]
[evoocapital.com/wp-json/oembed/1.0/embedc024]
[evoocapital.com/wp-content/uploads/2022/03/beeple-bringing-life-to-mars.png]
[evoocapital.com/wp-content/uploads/2022/03/ss_3b37c63db94fa4dddfb7b0627c180d7e9e87d01a.1920x1080.jpg]
[evoocapital.com/the-only-article-youll-need-to-talk-about-nfts/index.html]
[evoocapital.com/wp-content/uploads/2022/03/chuttersnap-mf-o1E7omzk-unsplash-scaled.jpg]
[evoocapital.com/blog/index.html]
[evoocapital.com/crypto-mining-stocks-a-blockchain-infrastructure-play/index.html]
[evoocapital.com/10-areas-where-blockchain-will-make-a-difference/index.html]
[evoocapital.com/wp-json/wp/v2/pages/43.json]
[evoocapital.com/wp-json/oembed/1.0/embeddb73.json]
[evoocapital.com/contact/index.html]
[evoocapital.com/wp-json/oembed/1.0/embed5ab9]
[evoocapital.com/wp-json/oembed/1.0/embed9219.json]
[evoocapital.com/wp-json/oembed/1.0/embed64fc]
[evoocapital.com/wp-content/uploads/2021/10/blockchain_header.jpg]
[evoocapital.com/wp-content/uploads/2021/10/blockchain_cat1-img.jpg]
[evoocapital.com/wp-content/uploads/2021/10/blockchain_cat4-img.jpg]
[evoocapital.com/wp-content/uploads/2021/10/blockchain_cat3-img.jpg]
[evoocapital.com/wp-content/uploads/2021/10/blockchain_cat2-img.jpg]
[evoocapital.com/wp-content/uploads/2021/10/blockchain_section4-img-2.jpg]
[evoocapital.com/wp-content/uploads/2021/10/blockchain_section4-img-1.jpg]
[evoocapital.com/investments/blockchain/index.html]
[evoocapital.com/wp-json/oembed/1.0/embed4192.json]
[evoocapital.com/wp-json/oembed/1.0/embedb4e6]
[evoocapital.com/wp-content/uploads/2021/03/cloud_header.jpg]
[evoocapital.com/wp-content/uploads/2021/03/cloud_cat1-img.jpg]
[evoocapital.com/wp-content/uploads/2021/03/cloud_cat2-img.jpg]
[evoocapital.com/wp-content/uploads/2021/03/cloud_cat3-img.jpg]
[evoocapital.com/wp-content/uploads/2021/03/cloud_cat4-img.jpg]
[evoocapital.com/wp-content/uploads/2021/03/cloud_section4-img-2.jpg]
[evoocapital.com/wp-content/uploads/2021/03/cloud_section4-img-1.jpg]
[evoocapital.com/investments/cloud-computing/index.html]
[evoocapital.com/wp-json/oembed/1.0/embed6b6c.json]
[evoocapital.com/wp-json/oembed/1.0/embed7c4b]
[evoocapital.com/wp-content/uploads/2021/03/digital_header.jpg]
[evoocapital.com/wp-content/uploads/2021/03/digital_cat1-img.jpg]
[evoocapital.com/wp-content/uploads/2021/03/digital_cat2-img.jpg]
[evoocapital.com/wp-content/uploads/2021/03/digital_cat3-img.jpg]
[evoocapital.com/wp-content/uploads/2021/03/digital_section4-img-2.jpg]
[evoocapital.com/wp-content/uploads/2021/03/digital_section4-img-1.jpg]
[evoocapital.com/investments/digital-assets/index.html]
[evoocapital.com/transparent.html]
[evoocapital.com/wp-json/wp/v2/pages/273.json]
[evoocapital.com/wp-json/oembed/1.0/embed05cd.json]
[evoocapital.com/legal/index.html]
[evoocapital.com/wp-json/oembed/1.0/embed0dfa]
[evoocapital.com/privacy-policy/feed/index.html]
[evoocapital.com/wp-json/wp/v2/pages/3.json]
[evoocapital.com/wp-json/oembed/1.0/embed7356.json]
[evoocapital.com/privacy-policy/index.html]
[evoocapital.com/wp-content/themes/evoo/dist/fonts/AvenirLTStd-Heavy.svg]
[evoocapital.com/wp-content/themes/evoo/dist/fonts/AvenirLTStd-Roman.svg]
[evoocapital.com/wp-content/themes/evoo/dist/fonts/AvenirLTStd-Light.svg]
[evoocapital.com/wp-content/themes/evoo/dist/fonts/AvenirLTStd-Medium.svg]
[evoocapital.com/wp-content/themes/evoo/dist/img/logo_slash_dark.html]
[evoocapital.com/indexba52.html]
[evoocapital.com/strategy-approach/transparent.html]
[evoocapital.com/wp-content/uploads/2021/03/stategy_sec5-icon-1.svg]
[evoocapital.com/wp-content/uploads/2021/03/stategy_sec5-icon-2.svg]
[evoocapital.com/wp-content/uploads/2021/03/stategy_sec5-icon-3.svg]
[evoocapital.com/wp-content/uploads/2021/03/stategy_sec5-icon-4.svg]
[evoocapital.com/indexcbb6.html]
[evoocapital.com/wp-content/uploads/2021/03/about_section2-icon-1.svg]
[evoocapital.com/wp-content/uploads/2021/03/about_section2-icon-2.svg]
[evoocapital.com/wp-content/uploads/2021/03/about_section2-icon-3.svg]
[evoocapital.com/wp-content/uploads/2021/03/about_section2-icon-4.svg]
[evoocapital.com/index51fe.html]
[evoocapital.com/wp-json/oembed/1.0/embedfea4]
[evoocapital.com/the-only-article-youll-need-to-talk-about-nfts/feed/index.html]
[evoocapital.com/wp-json/wp/v2/posts/410.json]
[evoocapital.com/wp-json/oembed/1.0/embed06de.json]
[evoocapital.com/wp-json/oembed/1.0/embed9647]
[evoocapital.com/wp-content/uploads/2022/03/Screenshot-2022-03-10-at-11.18.18-300x82.png]
[evoocapital.com/wp-content/uploads/2022/03/5-300x200.jpg]
[evoocapital.com/wp-content/uploads/2022/03/Screenshot-2022-03-10-at-11.20.44-300x79.png]
[evoocapital.com/wp-content/uploads/2022/03/60aff0021fd140054271a0b2_music-nft-1-300x300.png]
[evoocapital.com/wp-content/uploads/2022/03/60b7ea3f4caec60d2a586271_60b45eff854603ae67aef161_Tickets-300x267.png]
[evoocapital.com/wp-content/uploads/2022/03/Screenshot-2022-03-10-at-11.27.48-300x109.png]
[evoocapital.com/wp-content/uploads/2022/03/HW_NFT-header-set-300x132.png]
[evoocapital.com/the-only-article-youll-need-to-talk-about-nfts/index.html]
[evoocapital.com/crypto-mining-stocks-a-blockchain-infrastructure-play/feed/index.html]
[evoocapital.com/wp-json/wp/v2/posts/405.json]
[evoocapital.com/wp-json/oembed/1.0/embed2b2f.json]
[evoocapital.com/crypto-mining-stocks-a-blockchain-infrastructure-play/index.html]
[evoocapital.com/wp-json/oembed/1.0/embeda342]
[evoocapital.com/10-areas-where-blockchain-will-make-a-difference/feed/index.html]
[evoocapital.com/wp-json/wp/v2/posts/397.json]
[evoocapital.com/wp-json/oembed/1.0/embed16f6.json]
[evoocapital.com/10-areas-where-blockchain-will-make-a-difference/index.html]
[evoocapital.com/index4170.html]
[evoocapital.com/index47c4.html]
[evoocapital.com/index8c34.html]
[evoocapital.com/index1639.html]
[evoocapital.com/index7dad.html]
[evoocapital.com/index2207.html]
[evoocapital.com/index0ed6.html]
[evoocapital.com/index4efb.html]
[evoocapital.com/indexae62.html]
[evoocapital.com/wp-json/oembed/1.0/embed2835]
